=== Tokenization ===
#     TOKEN          TYPE           LINE    COL-S   COL-E    | SOURCE CODE
------------------------------------------------------------------------------------------
1     program        keyword        1       1       7        | program abc;
2     abc            identifier     1       9       11      
3     ;              delimiter      1       12      12      
------------------------------------------------------------------------------------------
4     var            keyword        2       1       3        | var
------------------------------------------------------------------------------------------
5     a              identifier     3       1       1        | a, b, c: integer;
6     ,              delimiter      3       2       2       
7     b              identifier     3       4       4       
8     ,              delimiter      3       5       5       
9     c              identifier     3       7       7       
10    :              delimiter      3       8       8       
11    integer        keyword        3       10      16      
12    ;              delimiter      3       17      17      
------------------------------------------------------------------------------------------
13    d              identifier     4       1       1        | d, e: integer;
14    ,              delimiter      4       2       2       
15    e              identifier     4       4       4       
16    :              delimiter      4       5       5       
17    integer        keyword        4       7       13      
18    ;              delimiter      4       14      14      
------------------------------------------------------------------------------------------
19    begin          keyword        5       1       5        | begin
------------------------------------------------------------------------------------------
20    a              identifier     6       1       1        | a = 5;
21    =              operator       6       3       3       
22    5              number         6       5       5       
23    ;              delimiter      6       6       6       
------------------------------------------------------------------------------------------
24    b              identifier     7       1       1        | b = 10;
25    =              operator       7       3       3       
26    10             number         7       5       6       
27    ;              delimiter      7       7       7       
------------------------------------------------------------------------------------------
28    c              identifier     8       1       1        | c = a + b * 2;
29    =              operator       8       3       3       
30    a              identifier     8       5       5       
31    +              operator       8       7       7       
32    b              identifier     8       9       9       
33    *              operator       8       11      11      
34    2              number         8       13      13      
35    ;              delimiter      8       14      14      
------------------------------------------------------------------------------------------
36    d              identifier     10      1       1        | d = (c - a) / 3;
37    =              operator       10      3       3       
38    (              delimiter      10      5       5       
39    c              identifier     10      6       6       
40    -              operator       10      8       8       
41    a              identifier     10      10      10      
42    )              delimiter      10      11      11      
43    /              operator       10      13      13      
44    3              number         10      15      15      
45    ;              delimiter      10      16      16      
------------------------------------------------------------------------------------------
46    e              identifier     11      1       1        | e = d + (b - a) * 2;
47    =              operator       11      3       3       
48    d              identifier     11      5       5       
49    +              operator       11      7       7       
50    (              delimiter      11      9       9       
51    b              identifier     11      10      10      
52    -              operator       11      12      12      
53    a              identifier     11      14      14      
54    )              delimiter      11      15      15      
55    *              operator       11      17      17      
56    2              number         11      19      19      
57    ;              delimiter      11      20      20      
------------------------------------------------------------------------------------------
58    a              identifier     13      1       1        | a = a + 1;
59    =              operator       13      3       3       
60    a              identifier     13      5       5       
61    +              operator       13      7       7       
62    1              number         13      9       9       
63    ;              delimiter      13      10      10      
------------------------------------------------------------------------------------------
64    b              identifier     14      1       1        | b = b - 2;
65    =              operator       14      3       3       
66    b              identifier     14      5       5       
67    -              operator       14      7       7       
68    2              number         14      9       9       
69    ;              delimiter      14      10      10      
------------------------------------------------------------------------------------------
70    c              identifier     15      1       1        | c = (a + b) * (d + 1);
71    =              operator       15      3       3       
72    (              delimiter      15      5       5       
73    a              identifier     15      6       6       
74    +              operator       15      8       8       
75    b              identifier     15      10      10      
76    )              delimiter      15      11      11      
77    *              operator       15      13      13      
78    (              delimiter      15      15      15      
79    d              identifier     15      16      16      
80    +              operator       15      18      18      
81    1              number         15      20      20      
82    )              delimiter      15      21      21      
83    ;              delimiter      15      22      22      
------------------------------------------------------------------------------------------
84    show           keyword        17      1       4        | show(a);
85    (              delimiter      17      5       5       
86    a              identifier     17      6       6       
87    )              delimiter      17      7       7       
88    ;              delimiter      17      8       8       
------------------------------------------------------------------------------------------
89    show           keyword        18      1       4        | show(b);
90    (              delimiter      18      5       5       
91    b              identifier     18      6       6       
92    )              delimiter      18      7       7       
93    ;              delimiter      18      8       8       
------------------------------------------------------------------------------------------
94    show           keyword        19      1       4        | show(c);
95    (              delimiter      19      5       5       
96    c              identifier     19      6       6       
97    )              delimiter      19      7       7       
98    ;              delimiter      19      8       8       
------------------------------------------------------------------------------------------
99    show           keyword        20      1       4        | show(d);
100   (              delimiter      20      5       5       
101   d              identifier     20      6       6       
102   )              delimiter      20      7       7       
103   ;              delimiter      20      8       8       
------------------------------------------------------------------------------------------
104   show           keyword        21      1       4        | show(e);
105   (              delimiter      21      5       5       
106   e              identifier     21      6       6       
107   )              delimiter      21      7       7       
108   ;              delimiter      21      8       8       
------------------------------------------------------------------------------------------
109   end            keyword        22      1       3        | end
------------------------------------------------------------------------------------------

=== Syntax Analysis ===
Syntax analysis successful.
